usr/
usr/bin/
usr/bin/gengetopt.exe
usr/lib/
usr/share/
usr/share/doc/
usr/share/doc/gengetopt/
usr/share/doc/gengetopt/AUTHORS
usr/share/doc/gengetopt/ChangeLog
usr/share/doc/gengetopt/COPYING
usr/share/doc/gengetopt/examples/
usr/share/doc/gengetopt/examples/cmdline1.c
usr/share/doc/gengetopt/examples/cmdline1.h
usr/share/doc/gengetopt/examples/cmdline2.c
usr/share/doc/gengetopt/examples/cmdline2.h
usr/share/doc/gengetopt/examples/main1.cc
usr/share/doc/gengetopt/examples/main2.c
usr/share/doc/gengetopt/examples/README.example
usr/share/doc/gengetopt/examples/sample1.ggo
usr/share/doc/gengetopt/examples/sample2.ggo
usr/share/doc/gengetopt/examples/test_manual_help.c
usr/share/doc/gengetopt/examples/test_manual_help_cmd.c
usr/share/doc/gengetopt/examples/test_manual_help_cmd.ggo
usr/share/doc/gengetopt/examples/test_manual_help_cmd.h
usr/share/doc/gengetopt/gengetopt.html
usr/share/doc/gengetopt/index.html
usr/share/doc/gengetopt/INSTALL
usr/share/doc/gengetopt/LICENSE
usr/share/doc/gengetopt/NEWS
usr/share/doc/gengetopt/README
usr/share/doc/gengetopt/THANKS
usr/share/doc/gengetopt/TODO
usr/share/gengetopt/
usr/share/gengetopt/getopt.c
usr/share/gengetopt/getopt1.c
usr/share/gengetopt/gnugetopt.h
usr/share/info/
usr/share/info/gengetopt.info.gz
usr/share/info/index.info.gz
usr/share/man/
usr/share/man/man1/
usr/share/man/man1/gengetopt.1.gz
